// Jest Snapshot v1, https://goo.gl/fbAQLP

exports[`HomePageContainer snapshot 1`] = `"Content goes here!"`;
